I0920 21:50:12.457166   664 cuckoo_watch.h:45] 64ms in ProcessBatch(school_batches\aaaaaa.batch) [including 2ms in LoadMessage; 1ms in InitializeSparseNdw; 22ms in InferThetaAndUpdateNwtSparse; 17ms in CalculateScore(PerplexityScore); 2ms in CalculateScore(SparsityThetaScore); 16ms in CalculateScore(^^^ItemsProcessedScore^^^); ]
I0920 21:50:12.457166 12732 cuckoo_watch.h:45] 64ms in ProcessBatch(school_batches\aaaaae.batch) [including 2ms in LoadMessage; 2ms in InitializeSparseNdw; 20ms in InferThetaAndUpdateNwtSparse; 22ms in CalculateScore(PerplexityScore); 4ms in CalculateScore(SparsityThetaScore); 10ms in CalculateScore(^^^ItemsProcessedScore^^^); ]
I0920 21:50:12.460178  6408 processor.cc:898] Processor: complete processing batch 0274e192-0a0e-47ab-9d7f-3d8f400d35cf into model nwt
I0920 21:50:12.460178 12324 processor.cc:898] Processor: complete processing batch 878604cb-0025-4031-88a5-f532606d5f93 into model nwt
I0920 21:50:12.460178  6408 cuckoo_watch.h:45] 68ms in ProcessBatch(school_batches\aaaaad.batch) [including 2ms in LoadMessage; 2ms in InitializeSparseNdw; 24ms in InferThetaAndUpdateNwtSparse; 18ms in CalculateScore(PerplexityScore); 3ms in CalculateScore(SparsityThetaScore); 15ms in CalculateScore(^^^ItemsProcessedScore^^^); ]
I0920 21:50:12.461179 12324 cuckoo_watch.h:45] 69ms in ProcessBatch(school_batches\aaaaab.batch) [including 4ms in LoadMessage; 1ms in InitializeSparseNdw; 23ms in InferThetaAndUpdateNwtSparse; 16ms in CalculateScore(PerplexityScore); 4ms in CalculateScore(SparsityThetaScore); 16ms in CalculateScore(^^^ItemsProcessedScore^^^); ]
I0920 21:50:12.461179   264 processor.cc:898] Processor: complete processing batch 395d620e-0ab5-4ebd-9acd-71b4679c13ed into model nwt
I0920 21:50:12.462177   264 cuckoo_watch.h:45] 70ms in ProcessBatch(school_batches\aaaaac.batch) [including 4ms in LoadMessage; 1ms in InitializeSparseNdw; 24ms in InferThetaAndUpdateNwtSparse; 17ms in CalculateScore(PerplexityScore); 4ms in CalculateScore(SparsityThetaScore); 16ms in CalculateScore(^^^ItemsProcessedScore^^^); ]
I0920 21:50:12.463202  4380 master_component.cc:1378] RegularizeModelArgs: rwt_target_name=rwt, pwt_source_name=pwt, nwt_source_name=nwt
I0920 21:50:12.463202  4380 master_component.cc:922] MasterComponent: start regularizing model pwt
I0920 21:50:12.491155 12732 processor.cc:717] No data in processing queue, waiting...
I0920 21:50:12.491155   664 processor.cc:717] No data in processing queue, waiting...
I0920 21:50:12.497159  6408 processor.cc:717] No data in processing queue, waiting...
I0920 21:50:12.499156   264 processor.cc:717] No data in processing queue, waiting...
I0920 21:50:12.499156 12324 processor.cc:717] No data in processing queue, waiting...
I0920 21:50:12.529181  4380 master_component.cc:948] MasterComponent: complete regularizing model pwt
I0920 21:50:12.529181  4380 master_component.cc:1391] NormalizeModelArgs: pwt_target_name=pwt, nwt_source_name=nwt, rwt_source_name=rwt
I0920 21:50:12.529181  4380 master_component.cc:952] MasterComponent: start normalizing model nwt
I0920 21:50:12.569175  4380 master_component.cc:980] MasterComponent: complete normalizing model nwt
I0920 21:50:12.589175  4380 master_component.cc:1415] DisposeModel rwt
I0920 21:50:12.593174  4380 master_component.cc:1005] FitOffline: ItemsProcessed, num_items=476, num_batches=5, token_weight=160411, token_weight_in_effect=160411
I0920 21:50:12.593174 12992 c_interface.cc:559] Pass GetScoreValueArgs, score_name=^^^ItemsProcessedScore^^^ to MasterComponent::Request
I0920 21:50:12.593174 12992 c_interface.cc:230] ArtmCopyRequestedMessage is copying 46 bytes...
I0920 21:50:12.594175  4380 c_interface.cc:386] Pass FitOfflineMasterModelArgs, batch_filename_size=5, batch_weight_size=5, num_collection_passes=1 to void (__cdecl artm::core::MasterComponent::*)(class artm::FitOfflineMasterModelArgs const & __ptr64) __ptr64
I0920 21:50:12.594175  4380 master_component.cc:1340] ProcessBatchesArgs: nwt_target_name=nwt, batch_filename_size=5, batch_size=0, batch_weight_size=5, pwt_source_name=pwt, num_document_passes=10, regularizer=(name:SparsePhi, tau:-50000), class=(text:1), reuse_theta=no, opt_for_avx=yes, predict_class_id=
I0920 21:50:12.623175  6408 processor.cc:724] Processing queue has data, processing started
I0920 21:50:12.623175 12364 processor.cc:724] Processing queue has data, processing started
I0920 21:50:12.623175  9668 processor.cc:724] Processing queue has data, processing started
I0920 21:50:12.623175   264 processor.cc:724] Processing queue has data, processing started
I0920 21:50:12.625157   664 processor.cc:724] Processing queue has data, processing started
I0920 21:50:12.626158   264 processor.cc:802] Processor: start processing batch 395d620e-0ab5-4ebd-9acd-71b4679c13ed into model nwt
I0920 21:50:12.626158  9668 processor.cc:802] Processor: start processing batch 0274e192-0a0e-47ab-9d7f-3d8f400d35cf into model nwt
I0920 21:50:12.628160  6408 processor.cc:802] Processor: start processing batch fa014dd7-3023-43c1-8150-27fe25cc4cf6 into model nwt
I0920 21:50:12.628160 12364 processor.cc:802] Processor: start processing batch 878604cb-0025-4031-88a5-f532606d5f93 into model nwt
I0920 21:50:12.628160   664 processor.cc:802] Processor: start processing batch 1976bc74-85c6-421b-aed5-5543cdb25a23 into model nwt
I0920 21:50:12.689157   664 processor.cc:898] Processor: complete processing batch 1976bc74-85c6-421b-aed5-5543cdb25a23 into model nwt
I0920 21:50:12.690157   264 processor.cc:898] Processor: complete processing batch 395d620e-0ab5-4ebd-9acd-71b4679c13ed into model nwt
I0920 21:50:12.690157  6408 processor.cc:898] Processor: complete processing batch fa014dd7-3023-43c1-8150-27fe25cc4cf6 into model nwt
I0920 21:50:12.690157   664 cuckoo_watch.h:45] 65ms in ProcessBatch(school_batches\aaaaae.batch) [including 3ms in LoadMessage; 1ms in InitializeSparseNdw; 21ms in InferThetaAndUpdateNwtSparse; 17ms in CalculateScore(PerplexityScore); 4ms in CalculateScore(SparsityThetaScore); 15ms in CalculateScore(^^^ItemsProcessedScore^^^); ]
I0920 21:50:12.691157   264 cuckoo_watch.h:45] 68ms in ProcessBatch(school_batches\aaaaac.batch) [including 2ms in LoadMessage; 1ms in InitializeSparseNdw; 24ms in InferThetaAndUpdateNwtSparse; 17ms in CalculateScore(PerplexityScore); 3ms in CalculateScore(SparsityThetaScore); 16ms in CalculateScore(^^^ItemsProcessedScore^^^); ]
I0920 21:50:12.691157  6408 cuckoo_watch.h:45] 68ms in ProcessBatch(school_batches\aaaaaa.batch) [including 4ms in LoadMessage; 2ms in InitializeSparseNdw; 23ms in InferThetaAndUpdateNwtSparse; 17ms in CalculateScore(PerplexityScore); 3ms in CalculateScore(SparsityThetaScore); 16ms in CalculateScore(^^^ItemsProcessedScore^^^); ]
I0920 21:50:12.696156  9668 processor.cc:898] Processor: complete processing batch 0274e192-0a0e-47ab-9d7f-3d8f400d35cf into model nwt
I0920 21:50:12.696156 12364 processor.cc:898] Processor: complete processing batch 878604cb-0025-4031-88a5-f532606d5f93 into model nwt
I0920 21:50:12.696156  9668 cuckoo_watch.h:45] 73ms in ProcessBatch(school_batches\aaaaad.batch) [including 2ms in LoadMessage; 1ms in InitializeSparseNdw; 26ms in InferThetaAndUpdateNwtSparse; 23ms in CalculateScore(PerplexityScore); 3ms in CalculateScore(SparsityThetaScore); 13ms in CalculateScore(^^^ItemsProcessedScore^^^); ]
I0920 21:50:12.697160 12364 cuckoo_watch.h:45] 74ms in ProcessBatch(school_batches\aaaaab.batch) [including 4ms in LoadMessage; 2ms in InitializeSparseNdw; 19ms in InferThetaAndUpdateNwtSparse; 25ms in CalculateScore(PerplexityScore); 5ms in CalculateScore(SparsityThetaScore); 14ms in CalculateScore(^^^ItemsProcessedScore^^^); ]
I0920 21:50:12.698173  4380 master_component.cc:1378] RegularizeModelArgs: rwt_target_name=rwt, pwt_source_name=pwt, nwt_source_name=nwt
I0920 21:50:12.698173  4380 master_component.cc:922] MasterComponent: start regularizing model pwt
I0920 21:50:12.727159   664 processor.cc:717] No data in processing queue, waiting...
I0920 21:50:12.728176   264 processor.cc:717] No data in processing queue, waiting...
I0920 21:50:12.728176  6408 processor.cc:717] No data in processing queue, waiting...
I0920 21:50:12.732175 12364 processor.cc:717] No data in processing queue, waiting...
I0920 21:50:12.732175  9668 processor.cc:717] No data in processing queue, waiting...
I0920 21:50:12.772161  4380 master_component.cc:948] MasterComponent: complete regularizing model pwt
I0920 21:50:12.772161  4380 master_component.cc:1391] NormalizeModelArgs: pwt_target_name=pwt, nwt_source_name=nwt, rwt_source_name=rwt
I0920 21:50:12.772161  4380 master_component.cc:952] MasterComponent: start normalizing model nwt
I0920 21:50:12.818159  4380 master_component.cc:980] MasterComponent: complete normalizing model nwt
I0920 21:50:12.839166  4380 master_component.cc:1415] DisposeModel rwt
I0920 21:50:12.844175  4380 master_component.cc:1005] FitOffline: ItemsProcessed, num_items=476, num_batches=5, token_weight=160411, token_weight_in_effect=160411
I0920 21:50:12.844175 12992 c_interface.cc:559] Pass GetScoreValueArgs, score_name=^^^ItemsProcessedScore^^^ to MasterComponent::Request
I0920 21:50:12.844175 12992 c_interface.cc:230] ArtmCopyRequestedMessage is copying 46 bytes...
I0920 21:50:12.845160  4380 c_interface.cc:386] Pass FitOfflineMasterModelArgs, batch_filename_size=5, batch_weight_size=5, num_collection_passes=1 to void (__cdecl artm::core::MasterComponent::*)(class artm::FitOfflineMasterModelArgs const & __ptr64) __ptr64
I0920 21:50:12.845160  4380 master_component.cc:1340] ProcessBatchesArgs: nwt_target_name=nwt, batch_filename_size=5, batch_size=0, batch_weight_size=5, pwt_source_name=pwt, num_document_passes=10, regularizer=(name:SparsePhi, tau:-50000), class=(text:1), reuse_theta=no, opt_for_avx=yes, predict_class_id=
I0920 21:50:12.876176   264 processor.cc:724] Processing queue has data, processing started
I0920 21:50:12.878175 12732 processor.cc:724] Processing queue has data, processing started
I0920 21:50:12.878175 12324 processor.cc:724] Processing queue has data, processing started
I0920 21:50:12.878175  9668 processor.cc:724] Processing queue has data, processing started
I0920 21:50:12.878175  9692 processor.cc:724] Processing queue has data, processing started
I0920 21:50:12.880161   264 processor.cc:802] Processor: start processing batch fa014dd7-3023-43c1-8150-27fe25cc4cf6 into model nwt
I0920 21:50:12.883162  9668 processor.cc:802] Processor: start processing batch 395d620e-0ab5-4ebd-9acd-71b4679c13ed into model nwt
I0920 21:50:12.883162 12732 processor.cc:802] Processor: start processing batch 0274e192-0a0e-47ab-9d7f-3d8f400d35cf into model nwt
I0920 21:50:12.883162  9692 processor.cc:802] Processor: start processing batch 1976bc74-85c6-421b-aed5-5543cdb25a23 into model nwt
I0920 21:50:12.883162 12324 processor.cc:802] Processor: start processing batch 878604cb-0025-4031-88a5-f532606d5f93 into model nwt
I0920 21:50:12.950160  9692 processor.cc:898] Processor: complete processing batch 1976bc74-85c6-421b-aed5-5543cdb25a23 into model nwt
I0920 21:50:12.952160  9692 cuckoo_watch.h:45] 74ms in ProcessBatch(school_batches\aaaaae.batch) [including 4ms in LoadMessage; 2ms in InitializeSparseNdw; 22ms in InferThetaAndUpdateNwtSparse; 20ms in CalculateScore(PerplexityScore); 4ms in CalculateScore(SparsityThetaScore); 18ms in CalculateScore(^^^ItemsProcessedScore^^^); ]
I0920 21:50:12.954160  9668 processor.cc:898] Processor: complete processing batch 395d620e-0ab5-4ebd-9acd-71b4679c13ed into model nwt
I0920 21:50:12.955168  9668 cuckoo_watch.h:45] 77ms in ProcessBatch(school_batches\aaaaac.batch) [including 4ms in LoadMessage; 2ms in InitializeSparseNdw; 25ms in InferThetaAndUpdateNwtSparse; 21ms in CalculateScore(PerplexityScore); 5ms in CalculateScore(SparsityThetaScore); 16ms in CalculateScore(^^^ItemsProcessedScore^^^); ]
I0920 21:50:12.956161 12324 processor.cc:898] Processor: complete processing batch 878604cb-0025-4031-88a5-f532606d5f93 into model nwt
I0920 21:50:12.957165 12324 cuckoo_watch.h:45] 79ms in ProcessBatch(school_batches\aaaaab.batch) [including 4ms in LoadMessage; 2ms in InitializeSparseNdw; 24ms in InferThetaAndUpdateNwtSparse; 22ms in CalculateScore(PerplexityScore); 4ms in CalculateScore(SparsityThetaScore); 18ms in CalculateScore(^^^ItemsProcessedScore^^^); ]
I0920 21:50:12.958159   264 processor.cc:898] Processor: complete processing batch fa014dd7-3023-43c1-8150-27fe25cc4cf6 into model nwt
I0920 21:50:12.959158   264 cuckoo_watch.h:45] 83ms in ProcessBatch(school_batches\aaaaaa.batch) [including 2ms in LoadMessage; 2ms in InitializeSparseNdw; 27ms in InferThetaAndUpdateNwtSparse; 23ms in CalculateScore(PerplexityScore); 5ms in CalculateScore(SparsityThetaScore); 19ms in CalculateScore(^^^ItemsProcessedScore^^^); ]
I0920 21:50:12.962157 12732 processor.cc:898] Processor: complete processing batch 0274e192-0a0e-47ab-9d7f-3d8f400d35cf into model nwt
I0920 21:50:12.962157 12732 cuckoo_watch.h:45] 84ms in ProcessBatch(school_batches\aaaaad.batch) [including 4ms in LoadMessage; 2ms in InitializeSparseNdw; 28ms in InferThetaAndUpdateNwtSparse; 29ms in CalculateScore(PerplexityScore); 4ms in CalculateScore(SparsityThetaScore); 14ms in CalculateScore(^^^ItemsProcessedScore^^^); ]
I0920 21:50:12.963173  4380 master_component.cc:1378] RegularizeModelArgs: rwt_target_name=rwt, pwt_source_name=pwt, nwt_source_name=nwt
I0920 21:50:12.963173  4380 master_component.cc:922] MasterComponent: start regularizing model pwt
I0920 21:50:12.986165  9692 processor.cc:717] No data in processing queue, waiting...
I0920 21:50:12.992157  9668 processor.cc:717] No data in processing queue, waiting...
I0920 21:50:12.993158 12324 processor.cc:717] No data in processing queue, waiting...
I0920 21:50:12.995159   264 processor.cc:717] No data in processing queue, waiting...
I0920 21:50:12.996160 12732 processor.cc:717] No data in processing queue, waiting...
I0920 21:50:13.033181  4380 master_component.cc:948] MasterComponent: complete regularizing model pwt
I0920 21:50:13.033181  4380 master_component.cc:1391] NormalizeModelArgs: pwt_target_name=pwt, nwt_source_name=nwt, rwt_source_name=rwt
I0920 21:50:13.033181  4380 master_component.cc:952] MasterComponent: start normalizing model nwt
I0920 21:50:13.080178  4380 master_component.cc:980] MasterComponent: complete normalizing model nwt
I0920 21:50:13.101178  4380 master_component.cc:1415] DisposeModel rwt
I0920 21:50:13.105183  4380 master_component.cc:1005] FitOffline: ItemsProcessed, num_items=476, num_batches=5, token_weight=160411, token_weight_in_effect=160411
I0920 21:50:13.105183 12992 c_interface.cc:559] Pass GetScoreValueArgs, score_name=^^^ItemsProcessedScore^^^ to MasterComponent::Request
I0920 21:50:13.105183 12992 c_interface.cc:230] ArtmCopyRequestedMessage is copying 46 bytes...
I0920 21:50:13.106178  4380 c_interface.cc:386] Pass FitOfflineMasterModelArgs, batch_filename_size=5, batch_weight_size=5, num_collection_passes=1 to void (__cdecl artm::core::MasterComponent::*)(class artm::FitOfflineMasterModelArgs const & __ptr64) __ptr64
I0920 21:50:13.106178  4380 master_component.cc:1340] ProcessBatchesArgs: nwt_target_name=nwt, batch_filename_size=5, batch_size=0, batch_weight_size=5, pwt_source_name=pwt, num_document_passes=10, regularizer=(name:SparsePhi, tau:-50000), class=(text:1), reuse_theta=no, opt_for_avx=yes, predict_class_id=
I0920 21:50:13.135181   264 processor.cc:724] Processing queue has data, processing started
I0920 21:50:13.135181  9668 processor.cc:724] Processing queue has data, processing started
I0920 21:50:13.137161  6408 processor.cc:724] Processing queue has data, processing started
I0920 21:50:13.137161   664 processor.cc:724] Processing queue has data, processing started
I0920 21:50:13.137161 12324 processor.cc:724] Processing queue has data, processing started
I0920 21:50:13.139160   264 processor.cc:802] Processor: start processing batch fa014dd7-3023-43c1-8150-27fe25cc4cf6 into model nwt
I0920 21:50:13.139160  9668 processor.cc:802] Processor: start processing batch 878604cb-0025-4031-88a5-f532606d5f93 into model nwt
I0920 21:50:13.140158   664 processor.cc:802] Processor: start processing batch 0274e192-0a0e-47ab-9d7f-3d8f400d35cf into model nwt
I0920 21:50:13.141160  6408 processor.cc:802] Processor: start processing batch 395d620e-0ab5-4ebd-9acd-71b4679c13ed into model nwt
I0920 21:50:13.141160 12324 processor.cc:802] Processor: start processing batch 1976bc74-85c6-421b-aed5-5543cdb25a23 into model nwt
I0920 21:50:13.217159  6408 processor.cc:898] Processor: complete processing batch 395d620e-0ab5-4ebd-9acd-71b4679c13ed into model nwt
I0920 21:50:13.218159  9668 processor.cc:898] Processor: complete processing batch 878604cb-0025-4031-88a5-f532606d5f93 into model nwt
I0920 21:50:13.218159 12324 processor.cc:898] Processor: complete processing batch 1976bc74-85c6-421b-aed5-5543cdb25a23 into model nwt
I0920 21:50:13.218159   264 processor.cc:898] Processor: complete processing batch fa014dd7-3023-43c1-8150-27fe25cc4cf6 into model nwt
I0920 21:50:13.218159  6408 cuckoo_watch.h:45] 81ms in ProcessBatch(school_batches\aaaaac.batch) [including 3ms in LoadMessage; 1ms in InitializeSparseNdw; 21ms in InferThetaAndUpdateNwtSparse; 30ms in CalculateScore(PerplexityScore); 6ms in CalculateScore(SparsityThetaScore); 15ms in CalculateScore(^^^ItemsProcessedScore^^^); ]
I0920 21:50:13.219161   264 cuckoo_watch.h:45] 84ms in ProcessBatch(school_batches\aaaaaa.batch) [including 2ms in LoadMessage; 2ms in InitializeSparseNdw; 25ms in InferThetaAndUpdateNwtSparse; 29ms in CalculateScore(PerplexityScore); 8ms in CalculateScore(SparsityThetaScore); 14ms in CalculateScore(^^^ItemsProcessedScore^^^); ]
I0920 21:50:13.219161  9668 cuckoo_watch.h:45] 84ms in ProcessBatch(school_batches\aaaaab.batch) [including 2ms in LoadMessage; 2ms in InitializeSparseNdw; 19ms in InferThetaAndUpdateNwtSparse; 30ms in CalculateScore(PerplexityScore); 6ms in CalculateScore(SparsityThetaScore); 19ms in CalculateScore(^^^ItemsProcessedScore^^^); ]
I0920 21:50:13.219161 12324 cuckoo_watch.h:45] 82ms in ProcessBatch(school_batches\aaaaae.batch) [including 3ms in LoadMessage; 1ms in InitializeSparseNdw; 25ms in InferThetaAndUpdateNwtSparse; 28ms in CalculateScore(PerplexityScore); 5ms in CalculateScore(SparsityThetaScore); 16ms in CalculateScore(^^^ItemsProcessedScore^^^); ]
I0920 21:50:13.227159   664 processor.cc:898] Processor: complete processing batch 0274e192-0a0e-47ab-9d7f-3d8f400d35cf into model nwt
I0920 21:50:13.227159   664 cuckoo_watch.h:45] 90ms in ProcessBatch(school_batches\aaaaad.batch) [including 2ms in LoadMessage; 2ms in InitializeSparseNdw; 26ms in InferThetaAndUpdateNwtSparse; 35ms in CalculateScore(PerplexityScore); 5ms in CalculateScore(SparsityThetaScore); 16ms in CalculateScore(^^^ItemsProcessedScore^^^); ]
I0920 21:50:13.229156  4380 master_component.cc:1378] RegularizeModelArgs: rwt_target_name=rwt, pwt_source_name=pwt, nwt_source_name=nwt
I0920 21:50:13.229156  4380 master_component.cc:922] MasterComponent: start regularizing model pwt
I0920 21:50:13.248160  9668 processor.cc:717] No data in processing queue, waiting...
I0920 21:50:13.248160 12324 processor.cc:717] No data in processing queue, waiting...
I0920 21:50:13.248160   264 processor.cc:717] No data in processing queue, waiting...
I0920 21:50:13.248160  6408 processor.cc:717] No data in processing queue, waiting...
I0920 21:50:13.257158   664 processor.cc:717] No data in processing queue, waiting...
I0920 21:50:13.307163  4380 master_component.cc:948] MasterComponent: complete regularizing model pwt
I0920 21:50:13.307163  4380 master_component.cc:1391] NormalizeModelArgs: pwt_target_name=pwt, nwt_source_name=nwt, rwt_source_name=rwt
I0920 21:50:13.307163  4380 master_component.cc:952] MasterComponent: start normalizing model nwt
I0920 21:50:13.353158  4380 master_component.cc:980] MasterComponent: complete normalizing model nwt
I0920 21:50:13.373178  4380 master_component.cc:1415] DisposeModel rwt
I0920 21:50:13.377182  4380 master_component.cc:1005] FitOffline: ItemsProcessed, num_items=476, num_batches=5, token_weight=160411, token_weight_in_effect=160411
I0920 21:50:13.377182 12992 c_interface.cc:559] Pass GetScoreValueArgs, score_name=^^^ItemsProcessedScore^^^ to MasterComponent::Request
I0920 21:50:13.377182 12992 c_interface.cc:230] ArtmCopyRequestedMessage is copying 46 bytes...
I0920 21:50:13.377182  4380 c_interface.cc:386] Pass FitOfflineMasterModelArgs, batch_filename_size=5, batch_weight_size=5, num_collection_passes=1 to void (__cdecl artm::core::MasterComponent::*)(class artm::FitOfflineMasterModelArgs const & __ptr64) __ptr64
I0920 21:50:13.377182  4380 master_component.cc:1340] ProcessBatchesArgs: nwt_target_name=nwt, batch_filename_size=5, batch_size=0, batch_weight_size=5, pwt_source_name=pwt, num_document_passes=10, regularizer=(name:SparsePhi, tau:-50000), class=(text:1), reuse_theta=no, opt_for_avx=yes, predict_class_id=
I0920 21:50:13.412204   664 processor.cc:724] Processing queue has data, processing started
I0920 21:50:13.412204   264 processor.cc:724] Processing queue has data, processing started
I0920 21:50:13.412204 12364 processor.cc:724] Processing queue has data, processing started
I0920 21:50:13.412204  9668 processor.cc:724] Processing queue has data, processing started
I0920 21:50:13.412204 12324 processor.cc:724] Processing queue has data, processing started
I0920 21:50:13.415158  9668 processor.cc:802] Processor: start processing batch 0274e192-0a0e-47ab-9d7f-3d8f400d35cf into model nwt
I0920 21:50:13.416164   664 processor.cc:802] Processor: start processing batch 395d620e-0ab5-4ebd-9acd-71b4679c13ed into model nwt
I0920 21:50:13.416164 12364 processor.cc:802] Processor: start processing batch 1976bc74-85c6-421b-aed5-5543cdb25a23 into model nwt
I0920 21:50:13.417161   264 processor.cc:802] Processor: start processing batch 878604cb-0025-4031-88a5-f532606d5f93 into model nwt
I0920 21:50:13.417161 12324 processor.cc:802] Processor: start processing batch fa014dd7-3023-43c1-8150-27fe25cc4cf6 into model nwt
I0920 21:50:13.489243 12364 processor.cc:898] Processor: complete processing batch 1976bc74-85c6-421b-aed5-5543cdb25a23 into model nwt
I0920 21:50:13.490242 12364 cuckoo_watch.h:45] 78ms in ProcessBatch(school_batches\aaaaae.batch) [including 3ms in LoadMessage; 2ms in InitializeSparseNdw; 25ms in InferThetaAndUpdateNwtSparse; 19ms in CalculateScore(PerplexityScore); 4ms in CalculateScore(SparsityThetaScore); 19ms in CalculateScore(^^^ItemsProcessedScore^^^); ]
I0920 21:50:13.494238   664 processor.cc:898] Processor: complete processing batch 395d620e-0ab5-4ebd-9acd-71b4679c13ed into model nwt
I0920 21:50:13.494238  9668 processor.cc:898] Processor: complete processing batch 0274e192-0a0e-47ab-9d7f-3d8f400d35cf into model nwt
I0920 21:50:13.495240   664 cuckoo_watch.h:45] 83ms in ProcessBatch(school_batches\aaaaac.batch) [including 2ms in LoadMessage; 1ms in InitializeSparseNdw; 27ms in InferThetaAndUpdateNwtSparse; 23ms in CalculateScore(PerplexityScore); 6ms in CalculateScore(SparsityThetaScore); 19ms in CalculateScore(^^^ItemsProcessedScore^^^); ]
I0920 21:50:13.495240 12324 processor.cc:898] Processor: complete processing batch fa014dd7-3023-43c1-8150-27fe25cc4cf6 into model nwt
I0920 21:50:13.495240  9668 cuckoo_watch.h:45] 83ms in ProcessBatch(school_batches\aaaaad.batch) [including 2ms in LoadMessage; 2ms in InitializeSparseNdw; 26ms in InferThetaAndUpdateNwtSparse; 21ms in CalculateScore(PerplexityScore); 6ms in CalculateScore(SparsityThetaScore); 22ms in CalculateScore(^^^ItemsProcessedScore^^^); ]
I0920 21:50:13.496244 12324 cuckoo_watch.h:45] 84ms in ProcessBatch(school_batches\aaaaaa.batch) [including 4ms in LoadMessage; 3ms in InitializeSparseNdw; 24ms in InferThetaAndUpdateNwtSparse; 20ms in CalculateScore(PerplexityScore); 7ms in CalculateScore(SparsityThetaScore); 21ms in CalculateScore(^^^ItemsProcessedScore^^^); ]
I0920 21:50:13.499238   264 processor.cc:898] Processor: complete processing batch 878604cb-0025-4031-88a5-f532606d5f93 into model nwt
I0920 21:50:13.499238   264 cuckoo_watch.h:45] 87ms in ProcessBatch(school_batches\aaaaab.batch) [including 4ms in LoadMessage; 2ms in InitializeSparseNdw; 26ms in InferThetaAndUpdateNwtSparse; 28ms in CalculateScore(PerplexityScore); 5ms in CalculateScore(SparsityThetaScore); 17ms in CalculateScore(^^^ItemsProcessedScore^^^); ]
I0920 21:50:13.500241  4380 master_component.cc:1378] RegularizeModelArgs: rwt_target_name=rwt, pwt_source_name=pwt, nwt_source_name=nwt
I0920 21:50:13.500241  4380 master_component.cc:922] MasterComponent: start regularizing model pwt
I0920 21:50:13.523238 12364 processor.cc:717] No data in processing queue, waiting...
I0920 21:50:13.528237   664 processor.cc:717] No data in processing queue, waiting...
I0920 21:50:13.528237 12324 processor.cc:717] No data in processing queue, waiting...
I0920 21:50:13.528237  9668 processor.cc:717] No data in processing queue, waiting...
I0920 21:50:13.529238   264 processor.cc:717] No data in processing queue, waiting...
I0920 21:50:13.571246  4380 master_component.cc:948] MasterComponent: complete regularizing model pwt
I0920 21:50:13.571246  4380 master_component.cc:1391] NormalizeModelArgs: pwt_target_name=pwt, nwt_source_name=nwt, rwt_source_name=rwt
I0920 21:50:13.571246  4380 master_component.cc:952] MasterComponent: start normalizing model nwt
I0920 21:50:13.618244  4380 master_component.cc:980] MasterComponent: complete normalizing model nwt
I0920 21:50:13.644239  4380 master_component.cc:1415] DisposeModel rwt
I0920 21:50:13.649256  4380 master_component.cc:1005] FitOffline: ItemsProcessed, num_items=476, num_batches=5, token_weight=160411, token_weight_in_effect=160411
I0920 21:50:13.649256 12992 c_interface.cc:559] Pass GetScoreValueArgs, score_name=^^^ItemsProcessedScore^^^ to MasterComponent::Request
I0920 21:50:13.649256 12992 c_interface.cc:230] ArtmCopyRequestedMessage is copying 46 bytes...
I0920 21:50:13.649256  4380 c_interface.cc:386] Pass FitOfflineMasterModelArgs, batch_filename_size=5, batch_weight_size=5, num_collection_passes=1 to void (__cdecl artm::core::MasterComponent::*)(class artm::FitOfflineMasterModelArgs const & __ptr64) __ptr64
I0920 21:50:13.649256  4380 master_component.cc:1340] ProcessBatchesArgs: nwt_target_name=nwt, batch_filename_size=5, batch_size=0, batch_weight_size=5, pwt_source_name=pwt, num_document_passes=10, regularizer=(name:SparsePhi, tau:-50000), class=(text:1), reuse_theta=no, opt_for_avx=yes, predict_class_id=
I0920 21:50:13.686257   264 processor.cc:724] Processing queue has data, processing started
I0920 21:50:13.686257   664 processor.cc:724] Processing queue has data, processing started
I0920 21:50:13.686257  9692 processor.cc:724] Processing queue has data, processing started
I0920 21:50:13.686257 12324 processor.cc:724] Processing queue has data, processing started
I0920 21:50:13.688242  9668 processor.cc:724] Processing queue has data, processing started
I0920 21:50:13.692245   264 processor.cc:802] Processor: start processing batch fa014dd7-3023-43c1-8150-27fe25cc4cf6 into model nwt
I0920 21:50:13.692245   664 processor.cc:802] Processor: start processing batch 0274e192-0a0e-47ab-9d7f-3d8f400d35cf into model nwt
I0920 21:50:13.692245  9692 processor.cc:802] Processor: start processing batch 395d620e-0ab5-4ebd-9acd-71b4679c13ed into model nwt
I0920 21:50:13.692245 12324 processor.cc:802] Processor: start processing batch 878604cb-0025-4031-88a5-f532606d5f93 into model nwt
I0920 21:50:13.692245  9668 processor.cc:802] Processor: start processing batch 1976bc74-85c6-421b-aed5-5543cdb25a23 into model nwt
I0920 21:50:13.763238   264 processor.cc:898] Processor: complete processing batch fa014dd7-3023-43c1-8150-27fe25cc4cf6 into model nwt
I0920 21:50:13.763238 12324 processor.cc:898] Processor: complete processing batch 878604cb-0025-4031-88a5-f532606d5f93 into model nwt
I0920 21:50:13.763238   664 processor.cc:898] Processor: complete processing batch 0274e192-0a0e-47ab-9d7f-3d8f400d35cf into model nwt
I0920 21:50:13.764242   664 cuckoo_watch.h:45] 78ms in ProcessBatch(school_batches\aaaaad.batch) [including 4ms in LoadMessage; 2ms in InitializeSparseNdw; 26ms in InferThetaAndUpdateNwtSparse; 24ms in CalculateScore(PerplexityScore); 4ms in CalculateScore(SparsityThetaScore); 13ms in CalculateScore(^^^ItemsProcessedScore^^^); ]
I0920 21:50:13.764242  9668 processor.cc:898] Processor: complete processing batch 1976bc74-85c6-421b-aed5-5543cdb25a23 into model nwt
I0920 21:50:13.764242   264 cuckoo_watch.h:45] 78ms in ProcessBatch(school_batches\aaaaaa.batch) [including 4ms in LoadMessage; 1ms in InitializeSparseNdw; 24ms in InferThetaAndUpdateNwtSparse; 22ms in CalculateScore(PerplexityScore); 3ms in CalculateScore(SparsityThetaScore); 18ms in CalculateScore(^^^ItemsProcessedScore^^^); ]
I0920 21:50:13.765241 12324 cuckoo_watch.h:45] 78ms in ProcessBatch(school_batches\aaaaab.batch) [including 5ms in LoadMessage; 1ms in InitializeSparseNdw; 25ms in InferThetaAndUpdateNwtSparse; 21ms in CalculateScore(PerplexityScore); 5ms in CalculateScore(SparsityThetaScore); 17ms in CalculateScore(^^^ItemsProcessedScore^^^); ]
I0920 21:50:13.765241  9668 cuckoo_watch.h:45] 77ms in ProcessBatch(school_batches\aaaaae.batch) [including 3ms in LoadMessage; 2ms in InitializeSparseNdw; 26ms in InferThetaAndUpdateNwtSparse; 21ms in CalculateScore(PerplexityScore); 5ms in CalculateScore(SparsityThetaScore); 16ms in CalculateScore(^^^ItemsProcessedScore^^^); ]
I0920 21:50:13.768239  9692 processor.cc:898] Processor: complete processing batch 395d620e-0ab5-4ebd-9acd-71b4679c13ed into model nwt
I0920 21:50:13.769237  9692 cuckoo_watch.h:45] 83ms in ProcessBatch(school_batches\aaaaac.batch) [including 4ms in LoadMessage; 1ms in InitializeSparseNdw; 26ms in InferThetaAndUpdateNwtSparse; 26ms in CalculateScore(PerplexityScore); 5ms in CalculateScore(SparsityThetaScore); 16ms in CalculateScore(^^^ItemsProcessedScore^^^); ]
I0920 21:50:13.770238  4380 master_component.cc:1378] RegularizeModelArgs: rwt_target_name=rwt, pwt_source_name=pwt, nwt_source_name=nwt
I0920 21:50:13.770238  4380 master_component.cc:922] MasterComponent: start regularizing model pwt
I0920 21:50:13.792239   264 processor.cc:717] No data in processing queue, waiting...
I0920 21:50:13.792239   664 processor.cc:717] No data in processing queue, waiting...
I0920 21:50:13.793239 12324 processor.cc:717] No data in processing queue, waiting...
I0920 21:50:13.793239  9668 processor.cc:717] No data in processing queue, waiting...
I0920 21:50:13.794240  9692 processor.cc:717] No data in processing queue, waiting...
I0920 21:50:13.838263  4380 master_component.cc:948] MasterComponent: complete regularizing model pwt
I0920 21:50:13.838263  4380 master_component.cc:1391] NormalizeModelArgs: pwt_target_name=pwt, nwt_source_name=nwt, rwt_source_name=rwt
I0920 21:50:13.838263  4380 master_component.cc:952] MasterComponent: start normalizing model nwt
I0920 21:50:13.880264  4380 master_component.cc:980] MasterComponent: complete normalizing model nwt
I0920 21:50:13.899260  4380 master_component.cc:1415] DisposeModel rwt
I0920 21:50:13.903256  4380 master_component.cc:1005] FitOffline: ItemsProcessed, num_items=476, num_batches=5, token_weight=160411, token_weight_in_effect=160411
I0920 21:50:13.904263 12992 c_interface.cc:559] Pass GetScoreValueArgs, score_name=^^^ItemsProcessedScore^^^ to MasterComponent::Request
I0920 21:50:13.904263 12992 c_interface.cc:230] ArtmCopyRequestedMessage is copying 46 bytes...
I0920 21:50:13.904263  4380 c_interface.cc:386] Pass FitOfflineMasterModelArgs, batch_filename_size=5, batch_weight_size=5, num_collection_passes=1 to void (__cdecl artm::core::MasterComponent::*)(class artm::FitOfflineMasterModelArgs const & __ptr64) __ptr64
I0920 21:50:13.904263  4380 master_component.cc:1340] ProcessBatchesArgs: nwt_target_name=nwt, batch_filename_size=5, batch_size=0, batch_weight_size=5, pwt_source_name=pwt, num_document_passes=10, regularizer=(name:SparsePhi, tau:-50000), class=(text:1), reuse_theta=no, opt_for_avx=yes, predict_class_id=
I0920 21:50:13.935256   264 processor.cc:724] Processing queue has data, processing started
I0920 21:50:13.935256  9692 processor.cc:724] Processing queue has data, processing started
I0920 21:50:13.935256 12324 processor.cc:724] Processing queue has data, processing started
I0920 21:50:13.935256   664 processor.cc:724] Processing queue has data, processing started
I0920 21:50:13.935256  9668 processor.cc:724] Processing queue has data, processing started
I0920 21:50:13.938257  9692 processor.cc:802] Processor: start processing batch fa014dd7-3023-43c1-8150-27fe25cc4cf6 into model nwt
I0920 21:50:13.939241   264 processor.cc:802] Processor: start processing batch 878604cb-0025-4031-88a5-f532606d5f93 into model nwt
I0920 21:50:13.939241 12324 processor.cc:802] Processor: start processing batch 0274e192-0a0e-47ab-9d7f-3d8f400d35cf into model nwt
I0920 21:50:13.940240  9668 processor.cc:802] Processor: start processing batch 1976bc74-85c6-421b-aed5-5543cdb25a23 into model nwt
I0920 21:50:13.940240   664 processor.cc:802] Processor: start processing batch 395d620e-0ab5-4ebd-9acd-71b4679c13ed into model nwt
I0920 21:50:14.005241  9668 processor.cc:898] Processor: complete processing batch 1976bc74-85c6-421b-aed5-5543cdb25a23 into model nwt
I0920 21:50:14.006243  9692 processor.cc:898] Processor: complete processing batch fa014dd7-3023-43c1-8150-27fe25cc4cf6 into model nwt
I0920 21:50:14.006243  9668 cuckoo_watch.h:45] 71ms in ProcessBatch(school_batches\aaaaae.batch) [including 3ms in LoadMessage; 1ms in InitializeSparseNdw; 25ms in InferThetaAndUpdateNwtSparse; 18ms in CalculateScore(PerplexityScore); 5ms in CalculateScore(SparsityThetaScore); 13ms in CalculateScore(^^^ItemsProcessedScore^^^); ]
I0920 21:50:14.007242  9692 cuckoo_watch.h:45] 71ms in ProcessBatch(school_batches\aaaaaa.batch) [including 2ms in LoadMessage; 1ms in InitializeSparseNdw; 22ms in InferThetaAndUpdateNwtSparse; 21ms in CalculateScore(PerplexityScore); 3ms in CalculateScore(SparsityThetaScore); 17ms in CalculateScore(^^^ItemsProcessedScore^^^); ]
I0920 21:50:14.009258   664 processor.cc:898] Processor: complete processing batch 395d620e-0ab5-4ebd-9acd-71b4679c13ed into model nwt
I0920 21:50:14.010257   264 processor.cc:898] Processor: complete processing batch 878604cb-0025-4031-88a5-f532606d5f93 into model nwt
I0920 21:50:14.010257   664 cuckoo_watch.h:45] 75ms in ProcessBatch(school_batches\aaaaac.batch) [including 4ms in LoadMessage; 2ms in InitializeSparseNdw; 26ms in InferThetaAndUpdateNwtSparse; 22ms in CalculateScore(PerplexityScore); 3ms in CalculateScore(SparsityThetaScore); 14ms in CalculateScore(^^^ItemsProcessedScore^^^); ]
I0920 21:50:14.011240   264 cuckoo_watch.h:45] 76ms in ProcessBatch(school_batches\aaaaab.batch) [including 2ms in LoadMessage; 1ms in InitializeSparseNdw; 21ms in InferThetaAndUpdateNwtSparse; 21ms in CalculateScore(PerplexityScore); 5ms in CalculateScore(SparsityThetaScore); 20ms in CalculateScore(^^^ItemsProcessedScore^^^); ]
I0920 21:50:14.013257 12324 processor.cc:898] Processor: complete processing batch 0274e192-0a0e-47ab-9d7f-3d8f400d35cf into model nwt
I0920 21:50:14.014258 12324 cuckoo_watch.h:45] 79ms in ProcessBatch(school_batches\aaaaad.batch) [including 3ms in LoadMessage; 2ms in InitializeSparseNdw; 21ms in InferThetaAndUpdateNwtSparse; 25ms in CalculateScore(PerplexityScore); 6ms in CalculateScore(SparsityThetaScore); 19ms in CalculateScore(^^^ItemsProcessedScore^^^); ]
I0920 21:50:14.016239  4380 master_component.cc:1378] RegularizeModelArgs: rwt_target_name=rwt, pwt_source_name=pwt, nwt_source_name=nwt
I0920 21:50:14.016239  4380 master_component.cc:922] MasterComponent: start regularizing model pwt
I0920 21:50:14.043241  9692 processor.cc:717] No data in processing queue, waiting...
I0920 21:50:14.043241  9668 processor.cc:717] No data in processing queue, waiting...
I0920 21:50:14.046247   264 processor.cc:717] No data in processing queue, waiting...
I0920 21:50:14.046247   664 processor.cc:717] No data in processing queue, waiting...
I0920 21:50:14.049243 12324 processor.cc:717] No data in processing queue, waiting...
I0920 21:50:14.088243  4380 master_component.cc:948] MasterComponent: complete regularizing model pwt
I0920 21:50:14.088243  4380 master_component.cc:1391] NormalizeModelArgs: pwt_target_name=pwt, nwt_source_name=nwt, rwt_source_name=rwt
I0920 21:50:14.088243  4380 master_component.cc:952] MasterComponent: start normalizing model nwt
I0920 21:50:14.136240  4380 master_component.cc:980] MasterComponent: complete normalizing model nwt
I0920 21:50:14.157263  4380 master_component.cc:1415] DisposeModel rwt
I0920 21:50:14.162245  4380 master_component.cc:1005] FitOffline: ItemsProcessed, num_items=476, num_batches=5, token_weight=160411, token_weight_in_effect=160411
I0920 21:50:14.162245 12992 c_interface.cc:559] Pass GetScoreValueArgs, score_name=^^^ItemsProcessedScore^^^ to MasterComponent::Request
I0920 21:50:14.162245 12992 c_interface.cc:230] ArtmCopyRequestedMessage is copying 46 bytes...
I0920 21:50:14.172245 12992 c_interface.cc:230] ArtmCopyRequestedMessage is copying 273516 bytes...
I0920 21:50:14.207243 12992 c_interface.cc:230] ArtmCopyRequestedMessage is copying 273516 bytes...
I0920 21:50:14.241241 12992 c_interface.cc:230] ArtmCopyRequestedMessage is copying 273516 bytes...
I0920 21:50:14.282245 12992 c_interface.cc:230] ArtmCopyRequestedMessage is copying 273516 bytes...
I0920 21:50:14.321245 12992 c_interface.cc:230] ArtmCopyRequestedMessage is copying 273516 bytes...
I0920 21:50:14.360245 12992 c_interface.cc:230] ArtmCopyRequestedMessage is copying 273516 bytes...
I0920 21:50:14.394243 12992 c_interface.cc:230] ArtmCopyRequestedMessage is copying 273516 bytes...
I0920 21:50:14.467242 12992 c_interface.cc:230] ArtmCopyRequestedMessage is copying 273516 bytes...
I0920 21:50:14.499258 12992 c_interface.cc:230] ArtmCopyRequestedMessage is copying 273516 bytes...
I0920 21:50:14.532240 12992 c_interface.cc:230] ArtmCopyRequestedMessage is copying 273516 bytes...
I0920 21:50:14.568239 12992 c_interface.cc:230] ArtmCopyRequestedMessage is copying 2583 bytes...
I0920 21:50:14.570246 12992 c_interface.cc:230] ArtmCopyRequestedMessage is copying 2534 bytes...
I0920 21:50:14.707258 12992 master_component.cc:357] Exporting model pwt to my_model
I0920 21:50:14.716241 12992 phi_matrix_operations.cc:84] RetrieveExternalTopicModel() with 10 topics, 16099 tokens
I0920 21:50:14.737262 12992 master_component.cc:391] Export of model completed, token_size = 16099, topic_size = 10
I0920 21:50:14.864163 12992 master_component.cc:408] Importing model pwt from my_model
I0920 21:50:14.978371 12992 master_component.cc:455] Import of model completed, token_size = 16099, topic_size = 10
I0920 21:50:14.979372 12992 phi_matrix_operations.cc:84] RetrieveExternalTopicModel() with 10 topics, 16099 tokens
I0920 21:50:14.992353 12992 c_interface.cc:230] ArtmCopyRequestedMessage is copying 477630 bytes...
I0920 21:50:15.018373 12992 phi_matrix_operations.cc:84] RetrieveExternalTopicModel() with 10 topics, 16099 tokens
I0920 21:50:15.035356 12992 c_interface.cc:230] ArtmCopyRequestedMessage is copying 477630 bytes...
I0920 21:50:15.047371 12992 phi_matrix_operations.cc:84] RetrieveExternalTopicModel() with 10 topics, 16099 tokens
I0920 21:50:15.061396 12992 c_interface.cc:230] ArtmCopyRequestedMessage is copying 413234 bytes...
I0920 21:50:15.067360 12992 c_interface.cc:235] ArtmCopyRequestedObject is copying 643960 bytes...
I0920 21:50:33.160856 12992 c_interface.cc:230] ArtmCopyRequestedMessage is copying 4218 bytes...
W0920 21:50:33.161850 12992 check_messages.h:1075] Inconsistent fields size in ThetaMatrix: 476 vs 0 vs 476 vs 0;
I0920 21:50:33.162850 12992 c_interface.cc:230] ArtmCopyRequestedMessage is copying 2314 bytes...
I0920 21:50:33.163852 12992 c_interface.cc:235] ArtmCopyRequestedObject is copying 19040 bytes...
I0920 21:50:59.842351  9692 processor.cc:709] Processor thread stopped
I0920 21:50:59.842351  9692 processor.cc:710] Total number of processed batches: 41
I0920 21:50:59.843355  6408 processor.cc:709] Processor thread stopped
I0920 21:50:59.843355  6408 processor.cc:710] Total number of processed batches: 39
I0920 21:50:59.844355 12324 processor.cc:709] Processor thread stopped
I0920 21:50:59.844355 12324 processor.cc:710] Total number of processed batches: 44
I0920 21:50:59.846343  9668 processor.cc:709] Processor thread stopped
I0920 21:50:59.846343  9668 processor.cc:710] Total number of processed batches: 49
I0920 21:50:59.852007 12732 processor.cc:709] Processor thread stopped
I0920 21:50:59.852007 12732 processor.cc:710] Total number of processed batches: 36
I0920 21:50:59.853492 12364 processor.cc:709] Processor thread stopped
I0920 21:50:59.853492 12364 processor.cc:710] Total number of processed batches: 38
I0920 21:50:59.855392   664 processor.cc:709] Processor thread stopped
I0920 21:50:59.855392   664 processor.cc:710] Total number of processed batches: 54
I0920 21:50:59.856425   264 processor.cc:709] Processor thread stopped
I0920 21:50:59.856425   264 processor.cc:710] Total number of processed batches: 49
I0920 21:50:59.876401 12992 c_interface.cc:336] Disposing MasterComponent (id=2)...
I0920 21:50:59.876401 12992 c_interface.cc:372] Pass 703b58e4-a513-4090-972c-734908a9d75b to void (__cdecl artm::core::MasterComponent::*)(class std::basic_string<char,struct std::char_traits<char>,class std::allocator<char> > const & __ptr64) __ptr64
I0920 21:50:59.881407 12992 c_interface.cc:336] Disposing MasterComponent (id=1)...
I0920 21:50:59.881407 12992 c_interface.cc:372] Pass 64f2e1ab-3928-47c8-9dac-18498a701806 to void (__cdecl artm::core::MasterComponent::*)(class std::basic_string<char,struct std::char_traits<char>,class std::allocator<char> > const & __ptr64) __ptr64
I0920 21:50:59.886420 12992 c_interface.cc:336] Disposing MasterComponent (id=3)...
